
Discarded input sections

 .data          0x00000000        0x0 start.o
 .bss           0x00000000        0x0 start.o
 .data          0x00000000        0x0 cpu_init.o
 .bss           0x00000000        0x0 cpu_init.o
 .text          0x00000000        0x0 nand_boot.o
 .data          0x00000000        0x0 nand_boot.o
 .bss           0x00000000        0x0 nand_boot.o
 .data          0x00000000        0x0 lowlevel_init.o
 .bss           0x00000000        0x0 lowlevel_init.o
 .text          0x00000000        0x0 nand_ecc.o
 .data          0x00000000        0x0 nand_ecc.o
 .bss           0x00000000        0x0 nand_ecc.o
 .text.nand_correct_data
                0x00000000        0x0 nand_ecc.o
 .text          0x00000000        0x0 s3c64xx.o
 .text          0x00000000        0x0 smdk6410_nand_spl.o
 .data          0x00000000        0x0 smdk6410_nand_spl.o
 .bss           0x00000000        0x0 smdk6410_nand_spl.o
 .text          0x00000000        0x0 nand_base.o
 .data          0x00000000        0x0 nand_base.o
 .bss           0x00000000        0x0 nand_base.o
 .text.generic_ffs
                0x00000000        0x0 nand_base.o
 .text.nand_bch_calculate_ecc
                0x00000000        0x0 nand_base.o
 .text.nand_bch_correct_data
                0x00000000        0x0 nand_base.o
 .text.nand_release_device
                0x00000000        0x0 nand_base.o
 .text.nand_read_byte16
                0x00000000        0x0 nand_base.o
 .text.nand_read_word
                0x00000000        0x0 nand_base.o
 .text.nand_verify_buf
                0x00000000        0x0 nand_base.o
 .text.nand_write_buf16
                0x00000000        0x0 nand_base.o
 .text.nand_read_buf16
                0x00000000        0x0 nand_base.o
 .text.nand_verify_buf16
                0x00000000        0x0 nand_base.o
 .text.nand_check_wp
                0x00000000        0x0 nand_base.o
 .text.nand_get_device
                0x00000000        0x0 nand_base.o
 .text.nand_block_bad
                0x00000000        0x0 nand_base.o
 .text.nand_read_page_raw
                0x00000000        0x0 nand_base.o
 .text.nand_read_page_raw_syndrome
                0x00000000        0x0 nand_base.o
 .text.nand_read_page_swecc
                0x00000000        0x0 nand_base.o
 .text.nand_read_subpage
                0x00000000        0x0 nand_base.o
 .text.nand_read_page_hwecc
                0x00000000        0x0 nand_base.o
 .text.nand_read_page_hwecc_oob_first
                0x00000000        0x0 nand_base.o
 .text.nand_read_page_syndrome
                0x00000000        0x0 nand_base.o
 .text.nand_read_oob_std
                0x00000000        0x0 nand_base.o
 .text.nand_read_oob_syndrome
                0x00000000        0x0 nand_base.o
 .text.nand_write_oob_std
                0x00000000        0x0 nand_base.o
 .text.nand_write_oob_syndrome
                0x00000000        0x0 nand_base.o
 .text.nand_write_page_raw
                0x00000000        0x0 nand_base.o
 .text.nand_write_page_raw_syndrome
                0x00000000        0x0 nand_base.o
 .text.nand_write_page_swecc
                0x00000000        0x0 nand_base.o
 .text.nand_write_page_hwecc
                0x00000000        0x0 nand_base.o
 .text.nand_write_page_syndrome
                0x00000000        0x0 nand_base.o
 .text.nand_write_page
                0x00000000        0x0 nand_base.o
 .text.single_erase_cmd
                0x00000000        0x0 nand_base.o
 .text.multi_erase_cmd
                0x00000000        0x0 nand_base.o
 .text.nand_sync
                0x00000000        0x0 nand_base.o
 .text.nand_release
                0x00000000        0x0 nand_base.o
 .text.nand_scan_ident
                0x00000000        0x0 nand_base.o
 .text.nand_scan_tail
                0x00000000        0x0 nand_base.o
 .text.nand_scan
                0x00000000        0x0 nand_base.o
 .text.nand_select_chip
                0x00000000        0x0 nand_base.o
 .text.nand_block_checkbad
                0x00000000        0x0 nand_base.o
 .text.nand_block_isbad
                0x00000000        0x0 nand_base.o
 .text.nand_block_markbad
                0x00000000        0x0 nand_base.o
 .text.nand_fill_oob
                0x00000000        0x0 nand_base.o
 .text.nand_do_write_oob
                0x00000000        0x0 nand_base.o
 .text.nand_do_write_ops
                0x00000000        0x0 nand_base.o
 .text.nand_write_oob
                0x00000000        0x0 nand_base.o
 .text.nand_write
                0x00000000        0x0 nand_base.o
 .text.nand_transfer_oob
                0x00000000        0x0 nand_base.o
 .text.nand_default_block_markbad
                0x00000000        0x0 nand_base.o
 .text.nand_erase_nand
                0x00000000        0x0 nand_base.o
 .text.nand_erase
                0x00000000        0x0 nand_base.o
 .text.nand_wait
                0x00000000        0x0 nand_base.o
 .text.nand_wait_ready
                0x00000000        0x0 nand_base.o
 .text.nand_do_read_ops
                0x00000000        0x0 nand_base.o
 .text.nand_read_oob
                0x00000000        0x0 nand_base.o
 .text.nand_read
                0x00000000        0x0 nand_base.o
 .text.nand_command
                0x00000000        0x0 nand_base.o
 .text.nand_command_lp
                0x00000000        0x0 nand_base.o
 .rodata        0x00000000        0x0 nand_base.o
 .rodata.str1.1
                0x00000000        0x0 nand_base.o
 .text          0x00000000        0x0 movi_boot.o
 .data          0x00000000        0x0 movi_boot.o
 .bss           0x00000000        0x0 movi_boot.o

Memory Configuration

Name             Origin             Length             Attributes
*default*        0x00000000         0xffffffff

Linker script and memory map

                0x00000000                . = 0x0
                0x00000000                . = ALIGN (0x4)

.text           0x00000000      0x430
 start.o(.text)
 .text          0x00000000      0x180 start.o
                0x00000040                _end_vect
                0x0000008c                relocate_code
                0x00000054                IRQ_STACK_START_IN
                0x00000000                _start
                0x00000048                _bss_start_ofs
                0x0000004c                _bss_end_ofs
                0x00000050                _end_ofs
                0x00000040                _TEXT_BASE
 cpu_init.o(.text)
 .text          0x00000180      0x124 cpu_init.o
                0x00000180                mem_ctrl_asm_init
 nand_boot.o(.text)
 *(.text)
 .text          0x000002a4      0x18c lowlevel_init.o
                0x000002a8                lowlevel_init

.glue_7         0x00000430        0x0
 .glue_7        0x00000430        0x0 start.o
 .glue_7        0x00000430        0x0 cpu_init.o
 .glue_7        0x00000430        0x0 nand_boot.o
 .glue_7        0x00000430        0x0 lowlevel_init.o
 .glue_7        0x00000430        0x0 nand_ecc.o
 .glue_7        0x00000430        0x0 s3c64xx.o
 .glue_7        0x00000430        0x0 smdk6410_nand_spl.o
 .glue_7        0x00000430        0x0 nand_base.o
 .glue_7        0x00000430        0x0 movi_boot.o

.glue_7t        0x00000430        0x0
 .glue_7t       0x00000430        0x0 start.o
 .glue_7t       0x00000430        0x0 cpu_init.o
 .glue_7t       0x00000430        0x0 nand_boot.o
 .glue_7t       0x00000430        0x0 lowlevel_init.o
 .glue_7t       0x00000430        0x0 nand_ecc.o
 .glue_7t       0x00000430        0x0 s3c64xx.o
 .glue_7t       0x00000430        0x0 smdk6410_nand_spl.o
 .glue_7t       0x00000430        0x0 nand_base.o
 .glue_7t       0x00000430        0x0 movi_boot.o

.vfp11_veneer   0x00000430        0x0
 .vfp11_veneer  0x00000430        0x0 start.o
 .vfp11_veneer  0x00000430        0x0 cpu_init.o
 .vfp11_veneer  0x00000430        0x0 nand_boot.o
 .vfp11_veneer  0x00000430        0x0 lowlevel_init.o
 .vfp11_veneer  0x00000430        0x0 nand_ecc.o
 .vfp11_veneer  0x00000430        0x0 s3c64xx.o
 .vfp11_veneer  0x00000430        0x0 smdk6410_nand_spl.o
 .vfp11_veneer  0x00000430        0x0 nand_base.o
 .vfp11_veneer  0x00000430        0x0 movi_boot.o

.janus_2cc_veneer
                0x00000430        0x0
 .janus_2cc_veneer
                0x00000430        0x0 start.o
 .janus_2cc_veneer
                0x00000430        0x0 cpu_init.o
 .janus_2cc_veneer
                0x00000430        0x0 nand_boot.o
 .janus_2cc_veneer
                0x00000430        0x0 lowlevel_init.o
 .janus_2cc_veneer
                0x00000430        0x0 nand_ecc.o
 .janus_2cc_veneer
                0x00000430        0x0 s3c64xx.o
 .janus_2cc_veneer
                0x00000430        0x0 smdk6410_nand_spl.o
 .janus_2cc_veneer
                0x00000430        0x0 nand_base.o
 .janus_2cc_veneer
                0x00000430        0x0 movi_boot.o

.v4_bx          0x00000430        0x0
 .v4_bx         0x00000430        0x0 start.o
 .v4_bx         0x00000430        0x0 cpu_init.o
 .v4_bx         0x00000430        0x0 nand_boot.o
 .v4_bx         0x00000430        0x0 lowlevel_init.o
 .v4_bx         0x00000430        0x0 nand_ecc.o
 .v4_bx         0x00000430        0x0 s3c64xx.o
 .v4_bx         0x00000430        0x0 smdk6410_nand_spl.o
 .v4_bx         0x00000430        0x0 nand_base.o
 .v4_bx         0x00000430        0x0 movi_boot.o

.text.nand_command
                0x00000430       0xf0
 .text.nand_command
                0x00000430       0xf0 nand_boot.o

.text.nand_read_page
                0x00000520      0x104
 .text.nand_read_page
                0x00000520      0x104 nand_boot.o

.text.nand_load
                0x00000624       0xdc
 .text.nand_load
                0x00000624       0xdc nand_boot.o

.text.nand_boot
                0x00000700       0x9c
 .text.nand_boot
                0x00000700       0x9c nand_boot.o
                0x00000700                nand_boot

.text.s3c_nand_select_chip
                0x0000079c       0x40
 .text.s3c_nand_select_chip
                0x0000079c       0x40 s3c64xx.o

.text.s3c_nand_hwcontrol
                0x000007dc       0x68
 .text.s3c_nand_hwcontrol
                0x000007dc       0x68 s3c64xx.o

.text.s3c_nand_device_ready
                0x00000844       0x14
 .text.s3c_nand_device_ready
                0x00000844       0x14 s3c64xx.o

.text.s3c_nand_enable_hwecc
                0x00000858       0x40
 .text.s3c_nand_enable_hwecc
                0x00000858       0x40 s3c64xx.o

.text.s3c_nand_calculate_ecc
                0x00000898       0x3c
 .text.s3c_nand_calculate_ecc
                0x00000898       0x3c s3c64xx.o

.text.s3c_nand_correct_data
                0x000008d4       0x64
 .text.s3c_nand_correct_data
                0x000008d4       0x64 s3c64xx.o

.text.board_nand_init
                0x00000938       0xf4
 .text.board_nand_init
                0x00000938       0xf4 s3c64xx.o
                0x00000938                board_nand_init

.text.board_init_f
                0x00000a2c       0x14
 .text.board_init_f
                0x00000a2c       0x14 smdk6410_nand_spl.o
                0x00000a2c                board_init_f

.text.nand_read_byte
                0x00000a40       0x14
 .text.nand_read_byte
                0x00000a40       0x14 nand_base.o
                0x00000a40                nand_read_byte

.text.nand_write_buf
                0x00000a54       0x34
 .text.nand_write_buf
                0x00000a54       0x34 nand_base.o
                0x00000a54                nand_write_buf

.text.nand_read_buf
                0x00000a88       0x2c
 .text.nand_read_buf
                0x00000a88       0x2c nand_base.o
                0x00000a88                nand_read_buf

.text.movi_bl2_copy
                0x00000ab4       0x4c
 .text.movi_bl2_copy
                0x00000ab4       0x4c movi_boot.o
                0x00000ab4                movi_bl2_copy
                0x00000b00                . = ALIGN (0x4)

.rodata         0x00000b00      0x1a0
 *(SORT(.rodata*))
 .rodata        0x00000b00      0x1a0 nand_boot.o
                0x00000ca0                . = ALIGN (0x4)

.data           0x00000ca0        0x8
 *(.data)
 .data          0x00000ca0        0x8 s3c64xx.o
                0x00000ca8                . = ALIGN (0x4)

.got
 *(.got)
                0x00000ca8                __u_boot_cmd_start = .

.u_boot_cmd
 *(.u_boot_cmd)
                0x00000ca8                __u_boot_cmd_end = .
                0x00000ca8                . = ALIGN (0x4)

.rel.dyn        0x00000ca8        0x0
                0x00000ca8                __rel_dyn_start = .
 *(.rel*)
                0x00000ca8                __rel_dyn_end = .

.dynsym         0x00000ca8        0x0
                0x00000ca8                __dynsym_start = .
 *(.dynsym)
                0x00000ca8                _end = .

.bss            0x00000ca8        0x4
                0x00000ca8                __bss_start = .
 *(.bss)
 .bss           0x00000ca8        0x4 s3c64xx.o
                0x00000cac                . = ALIGN (0x4)
                0x00000cac                __bss_end__ = .
Address of section .text set to 0x0
LOAD start.o
LOAD cpu_init.o
LOAD lowlevel_init.o
LOAD nand_boot.o
LOAD nand_ecc.o
LOAD s3c64xx.o
LOAD smdk6410_nand_spl.o
LOAD nand_base.o
LOAD movi_boot.o
OUTPUT(/home/wenson/ok6410/u-boot-2012.10/nand_spl/u-boot-spl elf32-littlearm)

.ARM.attributes
                0x00000000       0x26
 .ARM.attributes
                0x00000000       0x18 start.o
 .ARM.attributes
                0x00000018       0x18 cpu_init.o
 .ARM.attributes
                0x00000030       0x28 nand_boot.o
 .ARM.attributes
                0x00000058       0x18 lowlevel_init.o
 .ARM.attributes
                0x00000070       0x28 nand_ecc.o
 .ARM.attributes
                0x00000098       0x28 s3c64xx.o
 .ARM.attributes
                0x000000c0       0x28 smdk6410_nand_spl.o
 .ARM.attributes
                0x000000e8       0x28 nand_base.o
 .ARM.attributes
                0x00000110       0x28 movi_boot.o

.debug_line     0x00000000     0x1772
 .debug_line    0x00000000       0x89 start.o
 .debug_line    0x00000089       0x7c cpu_init.o
 .debug_line    0x00000105      0x226 nand_boot.o
 .debug_line    0x0000032b       0x9a lowlevel_init.o
 .debug_line    0x000003c5      0x17f nand_ecc.o
 .debug_line    0x00000544      0x253 s3c64xx.o
 .debug_line    0x00000797       0xef smdk6410_nand_spl.o
 .debug_line    0x00000886      0xdf7 nand_base.o
 .debug_line    0x0000167d       0xf5 movi_boot.o

.debug_info     0x00000000     0x793f
 .debug_info    0x00000000       0x74 start.o
 .debug_info    0x00000074       0x77 cpu_init.o
 .debug_info    0x000000eb     0x1597 nand_boot.o
 .debug_info    0x00001682       0x7c lowlevel_init.o
 .debug_info    0x000016fe      0xb37 nand_ecc.o
 .debug_info    0x00002235     0x164a s3c64xx.o
 .debug_info    0x0000387f      0x2e2 smdk6410_nand_spl.o
 .debug_info    0x00003b61     0x3ab4 nand_base.o
 .debug_info    0x00007615      0x32a movi_boot.o

.debug_abbrev   0x00000000      0xe59
 .debug_abbrev  0x00000000       0x14 start.o
 .debug_abbrev  0x00000014       0x14 cpu_init.o
 .debug_abbrev  0x00000028      0x29f nand_boot.o
 .debug_abbrev  0x000002c7       0x14 lowlevel_init.o
 .debug_abbrev  0x000002db      0x1e5 nand_ecc.o
 .debug_abbrev  0x000004c0      0x280 s3c64xx.o
 .debug_abbrev  0x00000740      0x10a smdk6410_nand_spl.o
 .debug_abbrev  0x0000084a      0x4d4 nand_base.o
 .debug_abbrev  0x00000d1e      0x13b movi_boot.o

.debug_aranges  0x00000000      0x340
 .debug_aranges
                0x00000000       0x20 start.o
 .debug_aranges
                0x00000020       0x20 cpu_init.o
 .debug_aranges
                0x00000040       0x38 nand_boot.o
 .debug_aranges
                0x00000078       0x20 lowlevel_init.o
 .debug_aranges
                0x00000098       0x20 nand_ecc.o
 .debug_aranges
                0x000000b8       0x50 s3c64xx.o
 .debug_aranges
                0x00000108       0x20 smdk6410_nand_spl.o
 .debug_aranges
                0x00000128      0x1f8 nand_base.o
 .debug_aranges
                0x00000320       0x20 movi_boot.o

.debug_frame    0x00000000      0x900
 .debug_frame   0x00000000       0x94 nand_boot.o
 .debug_frame   0x00000094       0x30 nand_ecc.o
 .debug_frame   0x000000c4       0x98 s3c64xx.o
 .debug_frame   0x0000015c       0x20 smdk6410_nand_spl.o
 .debug_frame   0x0000017c      0x758 nand_base.o
 .debug_frame   0x000008d4       0x2c movi_boot.o

.debug_loc      0x00000000     0x3679
 .debug_loc     0x00000000      0x2e6 nand_boot.o
 .debug_loc     0x000002e6      0x104 nand_ecc.o
 .debug_loc     0x000003ea      0x235 s3c64xx.o
 .debug_loc     0x0000061f       0x13 smdk6410_nand_spl.o
 .debug_loc     0x00000632     0x3002 nand_base.o
 .debug_loc     0x00003634       0x45 movi_boot.o

.debug_pubnames
                0x00000000      0x196
 .debug_pubnames
                0x00000000       0x20 nand_boot.o
 .debug_pubnames
                0x00000020       0x28 nand_ecc.o
 .debug_pubnames
                0x00000048       0x26 s3c64xx.o
 .debug_pubnames
                0x0000006e       0x23 smdk6410_nand_spl.o
 .debug_pubnames
                0x00000091       0xe1 nand_base.o
 .debug_pubnames
                0x00000172       0x24 movi_boot.o

.debug_ranges   0x00000000      0x5f0
 .debug_ranges  0x00000000       0x60 nand_boot.o
 .debug_ranges  0x00000060       0x18 nand_ecc.o
 .debug_ranges  0x00000078       0x48 s3c64xx.o
 .debug_ranges  0x000000c0       0x18 smdk6410_nand_spl.o
 .debug_ranges  0x000000d8      0x500 nand_base.o
 .debug_ranges  0x000005d8       0x18 movi_boot.o

.debug_str      0x00000000     0x10dd
 .debug_str     0x00000000      0x796 nand_boot.o
                                0x96d (size before relaxing)
 .debug_str     0x00000796       0x37 nand_ecc.o
                                0x5b2 (size before relaxing)
 .debug_str     0x000007cd      0x109 s3c64xx.o
                                0x9c6 (size before relaxing)
 .debug_str     0x000008d6       0x2a smdk6410_nand_spl.o
                                0x230 (size before relaxing)
 .debug_str     0x00000900      0x7c3 nand_base.o
                               0x1117 (size before relaxing)
 .debug_str     0x000010c3       0x1a movi_boot.o
                                0x226 (size before relaxing)

.comment        0x00000000       0xfc
 .comment       0x00000000       0x2a nand_boot.o
 .comment       0x0000002a       0x2a nand_ecc.o
 .comment       0x00000054       0x2a s3c64xx.o
 .comment       0x0000007e       0x2a smdk6410_nand_spl.o
 .comment       0x000000a8       0x2a nand_base.o
 .comment       0x000000d2       0x2a movi_boot.o

.note.GNU-stack
                0x00000000        0x0
 .note.GNU-stack
                0x00000000        0x0 nand_boot.o
 .note.GNU-stack
                0x00000000        0x0 nand_ecc.o
 .note.GNU-stack
                0x00000000        0x0 s3c64xx.o
 .note.GNU-stack
                0x00000000        0x0 smdk6410_nand_spl.o
 .note.GNU-stack
                0x00000000        0x0 nand_base.o
 .note.GNU-stack
                0x00000000        0x0 movi_boot.o
